// Jest Snapshot v1, https://goo.gl/fbAQLP

exports[`App unit tests it should match snapshot 1`] = `
<div
  className="container"
>
  <header
    className="header"
  >
    <h1
      aria-label="Weathrly A weather App"
      className="header__title"
      tabIndex="0"
    >
      Weathrly
    </h1>
    <form
      className="search-form"
      onSubmit={[Function]}
    >
      <input
        aria-label="Input a City and State, or Zip code to search for weather by location"
        className="search-form__input"
        list="cities"
        name="location"
        onChange={[Function]}
        placeholder="Search by City and State or Zip"
        type="text"
        value=""
      />
      <datalist
        id="cities"
      >
        <option
          value="New York, NY"
        />
        <option
          value="Los Angeles, CA"
        />
        <option
          value="Chicago, IL"
        />
        <option
          value="Houston, TX"
        />
        <option
          value="Philadelphia, PA"
        />
        <option
          value="Phoenix, AZ"
        />
        <option
          value="San Antonio, TX"
        />
        <option
          value="San Diego, CA"
        />
        <option
          value="Dallas, TX"
        />
        <option
          value="San Jose, CA"
        />
        <option
          value="Austin, TX"
        />
        <option
          value="Indianapolis, IN"
        />
        <option
          value="Jacksonville, FL"
        />
        <option
          value="San Francisco, CA"
        />
        <option
          value="Columbus, OH"
        />
        <option
          value="Charlotte, NC"
        />
        <option
          value="Fort Worth, TX"
        />
        <option
          value="Detroit, MI"
        />
        <option
          value="El Paso, TX"
        />
        <option
          value="Memphis, TN"
        />
        <option
          value="Seattle, WA"
        />
        <option
          value="Denver, CO"
        />
        <option
          value="Washington, undefined"
        />
        <option
          value="Boston, MA"
        />
        <option
          value="Nashville, TN"
        />
        <option
          value="Baltimore, MD"
        />
        <option
          value="Oklahoma City, OK"
        />
        <option
          value="Louisville, KY"
        />
        <option
          value="Portland, OR"
        />
        <option
          value="Las Vegas, NV"
        />
        <option
          value="Milwaukee, WI"
        />
        <option
          value="Albuquerque, NM"
        />
        <option
          value="Tucson, AZ"
        />
        <option
          value="Fresno, CA"
        />
        <option
          value="Sacramento, CA"
        />
        <option
          value="Long Beach, CA"
        />
        <option
          value="Kansas City, MO"
        />
        <option
          value="Mesa, AZ"
        />
        <option
          value="Virginia Beach, VA"
        />
        <option
          value="Atlanta, GA"
        />
        <option
          value="Colorado Springs, CO"
        />
        <option
          value="Omaha, NE"
        />
        <option
          value="Raleigh, NC"
        />
        <option
          value="Miami, FL"
        />
        <option
          value="Oakland, CA"
        />
        <option
          value="Minneapolis, MN"
        />
        <option
          value="Tulsa, OK"
        />
        <option
          value="Cleveland, OH"
        />
        <option
          value="Wichita, KS"
        />
        <option
          value="Arlington, TX"
        />
        <option
          value="New Orleans, LA"
        />
        <option
          value="Bakersfield, CA"
        />
        <option
          value="Tampa, FL"
        />
        <option
          value="Honolulu, HI"
        />
        <option
          value="Aurora, CO"
        />
        <option
          value="Anaheim, CA"
        />
        <option
          value="Santa Ana, CA"
        />
        <option
          value="St. Louis, MO"
        />
        <option
          value="Riverside, CA"
        />
        <option
          value="Corpus Christi, TX"
        />
        <option
          value="Lexington, KY"
        />
        <option
          value="Pittsburgh, PA"
        />
        <option
          value="Anchorage, AK"
        />
        <option
          value="Stockton, CA"
        />
        <option
          value="Cincinnati, OH"
        />
        <option
          value="St. Paul, MN"
        />
        <option
          value="Toledo, OH"
        />
        <option
          value="Greensboro, NC"
        />
        <option
          value="Newark, NJ"
        />
        <option
          value="Plano, TX"
        />
        <option
          value="Henderson, NV"
        />
        <option
          value="Lincoln, NE"
        />
        <option
          value="Buffalo, NY"
        />
        <option
          value="Jersey City, NJ"
        />
        <option
          value="Chula Vista, CA"
        />
        <option
          value="Fort Wayne, IN"
        />
        <option
          value="Orlando, FL"
        />
        <option
          value="St. Petersburg, FL"
        />
        <option
          value="Chandler, AZ"
        />
        <option
          value="Laredo, TX"
        />
        <option
          value="Norfolk, VA"
        />
        <option
          value="Durham, NC"
        />
        <option
          value="Madison, WI"
        />
        <option
          value="Lubbock, TX"
        />
        <option
          value="Irvine, CA"
        />
        <option
          value="Winston-Salem, NC"
        />
        <option
          value="Glendale, AZ"
        />
        <option
          value="Garland, TX"
        />
        <option
          value="Hialeah, FL"
        />
        <option
          value="Reno, NV"
        />
        <option
          value="Chesapeake, VA"
        />
        <option
          value="Gilbert, AZ"
        />
        <option
          value="Baton Rouge, LA"
        />
        <option
          value="Irving, TX"
        />
        <option
          value="Scottsdale, AZ"
        />
        <option
          value="North Las Vegas, NV"
        />
        <option
          value="Fremont, CA"
        />
        <option
          value="Boise City, ID"
        />
        <option
          value="Richmond, VA"
        />
        <option
          value="San Bernardino, CA"
        />
        <option
          value="Birmingham, AL"
        />
        <option
          value="Spokane, WA"
        />
        <option
          value="Rochester, NY"
        />
        <option
          value="Des Moines, IA"
        />
        <option
          value="Modesto, CA"
        />
        <option
          value="Fayetteville, NC"
        />
        <option
          value="Tacoma, WA"
        />
        <option
          value="Oxnard, CA"
        />
        <option
          value="Fontana, CA"
        />
        <option
          value="Columbus, GA"
        />
        <option
          value="Montgomery, AL"
        />
        <option
          value="Moreno Valley, CA"
        />
        <option
          value="Shreveport, LA"
        />
        <option
          value="Aurora, IL"
        />
        <option
          value="Yonkers, NY"
        />
        <option
          value="Akron, OH"
        />
        <option
          value="Huntington Beach, CA"
        />
        <option
          value="Little Rock, AR"
        />
        <option
          value="Augusta, GA"
        />
        <option
          value="Amarillo, TX"
        />
        <option
          value="Glendale, CA"
        />
        <option
          value="Mobile, AL"
        />
        <option
          value="Grand Rapids, MI"
        />
        <option
          value="Salt Lake City, UT"
        />
        <option
          value="Tallahassee, FL"
        />
        <option
          value="Huntsville, AL"
        />
        <option
          value="Grand Prairie, TX"
        />
        <option
          value="Knoxville, TN"
        />
        <option
          value="Worcester, MA"
        />
        <option
          value="Newport News, VA"
        />
        <option
          value="Brownsville, TX"
        />
        <option
          value="Overland Park, KS"
        />
        <option
          value="Santa Clarita, CA"
        />
        <option
          value="Providence, RI"
        />
        <option
          value="Garden Grove, CA"
        />
        <option
          value="Chattanooga, TN"
        />
        <option
          value="Oceanside, CA"
        />
        <option
          value="Jackson, MS"
        />
        <option
          value="Fort Lauderdale, FL"
        />
        <option
          value="Santa Rosa, CA"
        />
        <option
          value="Rancho Cucamonga, CA"
        />
        <option
          value="Port St. Lucie, FL"
        />
        <option
          value="Tempe, AZ"
        />
        <option
          value="Ontario, CA"
        />
        <option
          value="Vancouver, WA"
        />
        <option
          value="Cape Coral, FL"
        />
        <option
          value="Sioux Falls, SD"
        />
        <option
          value="Springfield, MO"
        />
        <option
          value="Peoria, AZ"
        />
        <option
          value="Pembroke Pines, FL"
        />
        <option
          value="Elk Grove, CA"
        />
        <option
          value="Salem, OR"
        />
        <option
          value="Lancaster, CA"
        />
        <option
          value="Corona, CA"
        />
        <option
          value="Eugene, OR"
        />
        <option
          value="Palmdale, CA"
        />
        <option
          value="Salinas, CA"
        />
        <option
          value="Springfield, MA"
        />
        <option
          value="Pasadena, TX"
        />
        <option
          value="Fort Collins, CO"
        />
        <option
          value="Hayward, CA"
        />
        <option
          value="Pomona, CA"
        />
        <option
          value="Cary, NC"
        />
        <option
          value="Rockford, IL"
        />
        <option
          value="Alexandria, VA"
        />
        <option
          value="Escondido, CA"
        />
        <option
          value="McKinney, TX"
        />
        <option
          value="Kansas City, KS"
        />
        <option
          value="Joliet, IL"
        />
        <option
          value="Sunnyvale, CA"
        />
        <option
          value="Torrance, CA"
        />
        <option
          value="Bridgeport, CT"
        />
        <option
          value="Lakewood, CO"
        />
        <option
          value="Hollywood, FL"
        />
        <option
          value="Paterson, NJ"
        />
        <option
          value="Naperville, IL"
        />
        <option
          value="Syracuse, NY"
        />
        <option
          value="Mesquite, TX"
        />
        <option
          value="Dayton, OH"
        />
        <option
          value="Savannah, GA"
        />
        <option
          value="Clarksville, TN"
        />
        <option
          value="Orange, CA"
        />
        <option
          value="Pasadena, CA"
        />
        <option
          value="Fullerton, CA"
        />
        <option
          value="Killeen, TX"
        />
        <option
          value="Frisco, TX"
        />
        <option
          value="Hampton, VA"
        />
        <option
          value="McAllen, TX"
        />
        <option
          value="Warren, MI"
        />
        <option
          value="Bellevue, WA"
        />
        <option
          value="West Valley City, UT"
        />
        <option
          value="Columbia, SC"
        />
        <option
          value="Olathe, KS"
        />
        <option
          value="Sterling Heights, MI"
        />
        <option
          value="New Haven, CT"
        />
        <option
          value="Miramar, FL"
        />
        <option
          value="Waco, TX"
        />
        <option
          value="Thousand Oaks, CA"
        />
        <option
          value="Cedar Rapids, IA"
        />
        <option
          value="Charleston, SC"
        />
        <option
          value="Visalia, CA"
        />
        <option
          value="Topeka, KS"
        />
        <option
          value="Elizabeth, NJ"
        />
        <option
          value="Gainesville, FL"
        />
        <option
          value="Thornton, CO"
        />
        <option
          value="Roseville, CA"
        />
        <option
          value="Carrollton, TX"
        />
        <option
          value="Coral Springs, FL"
        />
        <option
          value="Stamford, CT"
        />
        <option
          value="Simi Valley, CA"
        />
        <option
          value="Concord, CA"
        />
        <option
          value="Hartford, CT"
        />
        <option
          value="Kent, WA"
        />
        <option
          value="Lafayette, LA"
        />
        <option
          value="Midland, TX"
        />
        <option
          value="Surprise, AZ"
        />
        <option
          value="Denton, TX"
        />
        <option
          value="Victorville, CA"
        />
        <option
          value="Evansville, IN"
        />
        <option
          value="Santa Clara, CA"
        />
        <option
          value="Abilene, TX"
        />
        <option
          value="Athens, GA"
        />
        <option
          value="Vallejo, CA"
        />
        <option
          value="Allentown, PA"
        />
        <option
          value="Norman, OK"
        />
        <option
          value="Beaumont, TX"
        />
        <option
          value="Independence, MO"
        />
        <option
          value="Murfreesboro, TN"
        />
        <option
          value="Ann Arbor, MI"
        />
        <option
          value="Springfield, IL"
        />
        <option
          value="Berkeley, CA"
        />
        <option
          value="Peoria, IL"
        />
        <option
          value="Provo, UT"
        />
        <option
          value="El Monte, CA"
        />
        <option
          value="Columbia, MO"
        />
        <option
          value="Lansing, MI"
        />
        <option
          value="Fargo, ND"
        />
        <option
          value="Downey, CA"
        />
        <option
          value="Costa Mesa, CA"
        />
        <option
          value="Wilmington, NC"
        />
        <option
          value="Arvada, CO"
        />
        <option
          value="Inglewood, CA"
        />
        <option
          value="Miami Gardens, FL"
        />
        <option
          value="Carlsbad, CA"
        />
        <option
          value="Westminster, CO"
        />
        <option
          value="Rochester, MN"
        />
        <option
          value="Odessa, TX"
        />
        <option
          value="Manchester, NH"
        />
        <option
          value="Elgin, IL"
        />
        <option
          value="West Jordan, UT"
        />
        <option
          value="Round Rock, TX"
        />
        <option
          value="Clearwater, FL"
        />
        <option
          value="Waterbury, CT"
        />
        <option
          value="Gresham, OR"
        />
        <option
          value="Fairfield, CA"
        />
        <option
          value="Billings, MT"
        />
        <option
          value="Lowell, MA"
        />
        <option
          value="San Buenaventura (Ventura), CA"
        />
        <option
          value="Pueblo, CO"
        />
        <option
          value="High Point, NC"
        />
        <option
          value="West Covina, CA"
        />
        <option
          value="Richmond, CA"
        />
        <option
          value="Murrieta, CA"
        />
        <option
          value="Cambridge, MA"
        />
        <option
          value="Antioch, CA"
        />
        <option
          value="Temecula, CA"
        />
        <option
          value="Norwalk, CA"
        />
        <option
          value="Centennial, CO"
        />
        <option
          value="Everett, WA"
        />
        <option
          value="Palm Bay, FL"
        />
        <option
          value="Wichita Falls, TX"
        />
        <option
          value="Green Bay, WI"
        />
        <option
          value="Daly City, CA"
        />
        <option
          value="Burbank, CA"
        />
        <option
          value="Richardson, TX"
        />
        <option
          value="Pompano Beach, FL"
        />
        <option
          value="North Charleston, SC"
        />
        <option
          value="Broken Arrow, OK"
        />
        <option
          value="Boulder, CO"
        />
        <option
          value="West Palm Beach, FL"
        />
        <option
          value="Santa Maria, CA"
        />
        <option
          value="El Cajon, CA"
        />
        <option
          value="Davenport, IA"
        />
        <option
          value="Rialto, CA"
        />
        <option
          value="Las Cruces, NM"
        />
        <option
          value="San Mateo, CA"
        />
        <option
          value="Lewisville, TX"
        />
        <option
          value="South Bend, IN"
        />
        <option
          value="Lakeland, FL"
        />
        <option
          value="Erie, PA"
        />
        <option
          value="Tyler, TX"
        />
        <option
          value="Pearland, TX"
        />
        <option
          value="College Station, TX"
        />
        <option
          value="Kenosha, WI"
        />
        <option
          value="Sandy Springs, GA"
        />
        <option
          value="Clovis, CA"
        />
        <option
          value="Flint, MI"
        />
        <option
          value="Roanoke, VA"
        />
        <option
          value="Albany, NY"
        />
        <option
          value="Jurupa Valley, CA"
        />
        <option
          value="Compton, CA"
        />
        <option
          value="San Angelo, TX"
        />
        <option
          value="Hillsboro, OR"
        />
        <option
          value="Lawton, OK"
        />
        <option
          value="Renton, WA"
        />
        <option
          value="Vista, CA"
        />
        <option
          value="Davie, FL"
        />
        <option
          value="Greeley, CO"
        />
        <option
          value="Mission Viejo, CA"
        />
        <option
          value="Portsmouth, VA"
        />
        <option
          value="Dearborn, MI"
        />
        <option
          value="South Gate, CA"
        />
        <option
          value="Tuscaloosa, AL"
        />
        <option
          value="Livonia, MI"
        />
        <option
          value="New Bedford, MA"
        />
        <option
          value="Vacaville, CA"
        />
        <option
          value="Brockton, MA"
        />
        <option
          value="Roswell, GA"
        />
        <option
          value="Beaverton, OR"
        />
        <option
          value="Quincy, MA"
        />
        <option
          value="Sparks, NV"
        />
        <option
          value="Yakima, WA"
        />
        <option
          value="Lee's Summit, MO"
        />
        <option
          value="Federal Way, WA"
        />
        <option
          value="Carson, CA"
        />
        <option
          value="Santa Monica, CA"
        />
        <option
          value="Hesperia, CA"
        />
        <option
          value="Allen, TX"
        />
        <option
          value="Rio Rancho, NM"
        />
        <option
          value="Yuma, AZ"
        />
        <option
          value="Westminster, CA"
        />
        <option
          value="Orem, UT"
        />
        <option
          value="Lynn, MA"
        />
        <option
          value="Redding, CA"
        />
        <option
          value="Spokane Valley, WA"
        />
        <option
          value="Miami Beach, FL"
        />
        <option
          value="League City, TX"
        />
        <option
          value="Lawrence, KS"
        />
        <option
          value="Santa Barbara, CA"
        />
        <option
          value="Plantation, FL"
        />
        <option
          value="Sandy, UT"
        />
        <option
          value="Sunrise, FL"
        />
        <option
          value="Macon, GA"
        />
        <option
          value="Longmont, CO"
        />
        <option
          value="Boca Raton, FL"
        />
        <option
          value="San Marcos, CA"
        />
        <option
          value="Greenville, NC"
        />
        <option
          value="Waukegan, IL"
        />
        <option
          value="Fall River, MA"
        />
        <option
          value="Chico, CA"
        />
        <option
          value="Newton, MA"
        />
        <option
          value="San Leandro, CA"
        />
        <option
          value="Reading, PA"
        />
        <option
          value="Norwalk, CT"
        />
        <option
          value="Fort Smith, AR"
        />
        <option
          value="Newport Beach, CA"
        />
        <option
          value="Asheville, NC"
        />
        <option
          value="Nashua, NH"
        />
        <option
          value="Edmond, OK"
        />
        <option
          value="Whittier, CA"
        />
        <option
          value="Nampa, ID"
        />
        <option
          value="Bloomington, MN"
        />
        <option
          value="Deltona, FL"
        />
        <option
          value="Hawthorne, CA"
        />
        <option
          value="Duluth, MN"
        />
        <option
          value="Carmel, IN"
        />
        <option
          value="Suffolk, VA"
        />
        <option
          value="Clifton, NJ"
        />
        <option
          value="Citrus Heights, CA"
        />
        <option
          value="Livermore, CA"
        />
        <option
          value="Tracy, CA"
        />
        <option
          value="Alhambra, CA"
        />
        <option
          value="Kirkland, WA"
        />
        <option
          value="Trenton, NJ"
        />
        <option
          value="Ogden, UT"
        />
        <option
          value="Hoover, AL"
        />
        <option
          value="Cicero, IL"
        />
        <option
          value="Fishers, IN"
        />
        <option
          value="Sugar Land, TX"
        />
        <option
          value="Danbury, CT"
        />
        <option
          value="Meridian, ID"
        />
        <option
          value="Indio, CA"
        />
        <option
          value="Concord, NC"
        />
        <option
          value="Menifee, CA"
        />
        <option
          value="Champaign, IL"
        />
        <option
          value="Buena Park, CA"
        />
        <option
          value="Troy, MI"
        />
        <option
          value="O'Fallon, MO"
        />
        <option
          value="Johns Creek, GA"
        />
        <option
          value="Bellingham, WA"
        />
        <option
          value="Westland, MI"
        />
        <option
          value="Bloomington, IN"
        />
        <option
          value="Sioux City, IA"
        />
        <option
          value="Warwick, RI"
        />
        <option
          value="Hemet, CA"
        />
        <option
          value="Longview, TX"
        />
        <option
          value="Farmington Hills, MI"
        />
        <option
          value="Bend, OR"
        />
        <option
          value="Lakewood, CA"
        />
        <option
          value="Merced, CA"
        />
        <option
          value="Mission, TX"
        />
        <option
          value="Chino, CA"
        />
        <option
          value="Redwood City, CA"
        />
        <option
          value="Edinburg, TX"
        />
        <option
          value="Cranston, RI"
        />
        <option
          value="Parma, OH"
        />
        <option
          value="New Rochelle, NY"
        />
        <option
          value="Lake Forest, CA"
        />
        <option
          value="Napa, CA"
        />
        <option
          value="Hammond, IN"
        />
        <option
          value="Fayetteville, AR"
        />
        <option
          value="Bloomington, IL"
        />
        <option
          value="Avondale, AZ"
        />
        <option
          value="Somerville, MA"
        />
        <option
          value="Palm Coast, FL"
        />
        <option
          value="Bryan, TX"
        />
        <option
          value="Gary, IN"
        />
        <option
          value="Largo, FL"
        />
        <option
          value="Brooklyn Park, MN"
        />
        <option
          value="Tustin, CA"
        />
        <option
          value="Racine, WI"
        />
        <option
          value="Deerfield Beach, FL"
        />
        <option
          value="Lynchburg, VA"
        />
        <option
          value="Mountain View, CA"
        />
        <option
          value="Medford, OR"
        />
        <option
          value="Lawrence, MA"
        />
        <option
          value="Bellflower, CA"
        />
        <option
          value="Melbourne, FL"
        />
        <option
          value="St. Joseph, MO"
        />
        <option
          value="Camden, NJ"
        />
        <option
          value="St. George, UT"
        />
        <option
          value="Kennewick, WA"
        />
        <option
          value="Baldwin Park, CA"
        />
        <option
          value="Chino Hills, CA"
        />
        <option
          value="Alameda, CA"
        />
        <option
          value="Albany, GA"
        />
        <option
          value="Arlington Heights, IL"
        />
        <option
          value="Scranton, PA"
        />
        <option
          value="Evanston, IL"
        />
        <option
          value="Kalamazoo, MI"
        />
        <option
          value="Baytown, TX"
        />
        <option
          value="Upland, CA"
        />
        <option
          value="Springdale, AR"
        />
        <option
          value="Bethlehem, PA"
        />
        <option
          value="Schaumburg, IL"
        />
        <option
          value="Mount Pleasant, SC"
        />
        <option
          value="Auburn, WA"
        />
        <option
          value="Decatur, IL"
        />
        <option
          value="San Ramon, CA"
        />
        <option
          value="Pleasanton, CA"
        />
        <option
          value="Wyoming, MI"
        />
        <option
          value="Lake Charles, LA"
        />
        <option
          value="Plymouth, MN"
        />
        <option
          value="Bolingbrook, IL"
        />
        <option
          value="Pharr, TX"
        />
        <option
          value="Appleton, WI"
        />
        <option
          value="Gastonia, NC"
        />
        <option
          value="Folsom, CA"
        />
        <option
          value="Southfield, MI"
        />
        <option
          value="Rochester Hills, MI"
        />
        <option
          value="New Britain, CT"
        />
        <option
          value="Goodyear, AZ"
        />
        <option
          value="Canton, OH"
        />
        <option
          value="Warner Robins, GA"
        />
        <option
          value="Union City, CA"
        />
        <option
          value="Perris, CA"
        />
        <option
          value="Manteca, CA"
        />
        <option
          value="Iowa City, IA"
        />
        <option
          value="Jonesboro, AR"
        />
        <option
          value="Wilmington, DE"
        />
        <option
          value="Lynwood, CA"
        />
        <option
          value="Loveland, CO"
        />
        <option
          value="Pawtucket, RI"
        />
        <option
          value="Boynton Beach, FL"
        />
        <option
          value="Waukesha, WI"
        />
        <option
          value="Gulfport, MS"
        />
        <option
          value="Apple Valley, CA"
        />
        <option
          value="Passaic, NJ"
        />
        <option
          value="Rapid City, SD"
        />
        <option
          value="Layton, UT"
        />
        <option
          value="Lafayette, IN"
        />
        <option
          value="Turlock, CA"
        />
        <option
          value="Muncie, IN"
        />
        <option
          value="Temple, TX"
        />
        <option
          value="Missouri City, TX"
        />
        <option
          value="Redlands, CA"
        />
        <option
          value="Santa Fe, NM"
        />
        <option
          value="Lauderhill, FL"
        />
        <option
          value="Milpitas, CA"
        />
        <option
          value="Palatine, IL"
        />
        <option
          value="Missoula, MT"
        />
        <option
          value="Rock Hill, SC"
        />
        <option
          value="Jacksonville, NC"
        />
        <option
          value="Franklin, TN"
        />
        <option
          value="Flagstaff, AZ"
        />
        <option
          value="Flower Mound, TX"
        />
        <option
          value="Weston, FL"
        />
        <option
          value="Waterloo, IA"
        />
        <option
          value="Union City, NJ"
        />
        <option
          value="Mount Vernon, NY"
        />
        <option
          value="Fort Myers, FL"
        />
        <option
          value="Dothan, AL"
        />
        <option
          value="Rancho Cordova, CA"
        />
        <option
          value="Redondo Beach, CA"
        />
        <option
          value="Jackson, TN"
        />
        <option
          value="Pasco, WA"
        />
        <option
          value="St. Charles, MO"
        />
        <option
          value="Eau Claire, WI"
        />
        <option
          value="North Richland Hills, TX"
        />
        <option
          value="Bismarck, ND"
        />
        <option
          value="Yorba Linda, CA"
        />
        <option
          value="Kenner, LA"
        />
        <option
          value="Walnut Creek, CA"
        />
        <option
          value="Frederick, MD"
        />
        <option
          value="Oshkosh, WI"
        />
        <option
          value="Pittsburg, CA"
        />
        <option
          value="Palo Alto, CA"
        />
        <option
          value="Bossier City, LA"
        />
        <option
          value="Portland, ME"
        />
        <option
          value="St. Cloud, MN"
        />
        <option
          value="Davis, CA"
        />
        <option
          value="South San Francisco, CA"
        />
        <option
          value="Camarillo, CA"
        />
        <option
          value="North Little Rock, AR"
        />
        <option
          value="Schenectady, NY"
        />
        <option
          value="Gaithersburg, MD"
        />
        <option
          value="Harlingen, TX"
        />
        <option
          value="Woodbury, MN"
        />
        <option
          value="Eagan, MN"
        />
        <option
          value="Yuba City, CA"
        />
        <option
          value="Maple Grove, MN"
        />
        <option
          value="Youngstown, OH"
        />
        <option
          value="Skokie, IL"
        />
        <option
          value="Kissimmee, FL"
        />
        <option
          value="Johnson City, TN"
        />
        <option
          value="Victoria, TX"
        />
        <option
          value="San Clemente, CA"
        />
        <option
          value="Bayonne, NJ"
        />
        <option
          value="Laguna Niguel, CA"
        />
        <option
          value="East Orange, NJ"
        />
        <option
          value="Shawnee, KS"
        />
        <option
          value="Homestead, FL"
        />
        <option
          value="Rockville, MD"
        />
        <option
          value="Delray Beach, FL"
        />
        <option
          value="Janesville, WI"
        />
        <option
          value="Conway, AR"
        />
        <option
          value="Pico Rivera, CA"
        />
        <option
          value="Lorain, OH"
        />
        <option
          value="Montebello, CA"
        />
        <option
          value="Lodi, CA"
        />
        <option
          value="New Braunfels, TX"
        />
        <option
          value="Marysville, WA"
        />
        <option
          value="Tamarac, FL"
        />
        <option
          value="Madera, CA"
        />
        <option
          value="Conroe, TX"
        />
        <option
          value="Santa Cruz, CA"
        />
        <option
          value="Eden Prairie, MN"
        />
        <option
          value="Cheyenne, WY"
        />
        <option
          value="Daytona Beach, FL"
        />
        <option
          value="Alpharetta, GA"
        />
        <option
          value="Hamilton, OH"
        />
        <option
          value="Waltham, MA"
        />
        <option
          value="Coon Rapids, MN"
        />
        <option
          value="Haverhill, MA"
        />
        <option
          value="Council Bluffs, IA"
        />
        <option
          value="Taylor, MI"
        />
        <option
          value="Utica, NY"
        />
        <option
          value="Ames, IA"
        />
        <option
          value="La Habra, CA"
        />
        <option
          value="Encinitas, CA"
        />
        <option
          value="Bowling Green, KY"
        />
        <option
          value="Burnsville, MN"
        />
        <option
          value="Greenville, SC"
        />
        <option
          value="West Des Moines, IA"
        />
        <option
          value="Cedar Park, TX"
        />
        <option
          value="Tulare, CA"
        />
        <option
          value="Monterey Park, CA"
        />
        <option
          value="Vineland, NJ"
        />
        <option
          value="Terre Haute, IN"
        />
        <option
          value="North Miami, FL"
        />
        <option
          value="Mansfield, TX"
        />
        <option
          value="West Allis, WI"
        />
        <option
          value="Bristol, CT"
        />
        <option
          value="Taylorsville, UT"
        />
        <option
          value="Malden, MA"
        />
        <option
          value="Meriden, CT"
        />
        <option
          value="Blaine, MN"
        />
        <option
          value="Wellington, FL"
        />
        <option
          value="Cupertino, CA"
        />
        <option
          value="Springfield, OR"
        />
        <option
          value="Rogers, AR"
        />
        <option
          value="St. Clair Shores, MI"
        />
        <option
          value="Gardena, CA"
        />
        <option
          value="Pontiac, MI"
        />
        <option
          value="National City, CA"
        />
        <option
          value="Grand Junction, CO"
        />
        <option
          value="Rocklin, CA"
        />
        <option
          value="Chapel Hill, NC"
        />
        <option
          value="Casper, WY"
        />
        <option
          value="Broomfield, CO"
        />
        <option
          value="Petaluma, CA"
        />
        <option
          value="South Jordan, UT"
        />
        <option
          value="Springfield, OH"
        />
        <option
          value="Great Falls, MT"
        />
        <option
          value="Lancaster, PA"
        />
        <option
          value="North Port, FL"
        />
        <option
          value="Lakewood, WA"
        />
        <option
          value="Marietta, GA"
        />
        <option
          value="San Rafael, CA"
        />
        <option
          value="Royal Oak, MI"
        />
        <option
          value="Des Plaines, IL"
        />
        <option
          value="Huntington Park, CA"
        />
        <option
          value="La Mesa, CA"
        />
        <option
          value="Orland Park, IL"
        />
        <option
          value="Auburn, AL"
        />
        <option
          value="Lakeville, MN"
        />
        <option
          value="Owensboro, KY"
        />
        <option
          value="Moore, OK"
        />
        <option
          value="Jupiter, FL"
        />
        <option
          value="Idaho Falls, ID"
        />
        <option
          value="Dubuque, IA"
        />
        <option
          value="Bartlett, TN"
        />
        <option
          value="Rowlett, TX"
        />
        <option
          value="Novi, MI"
        />
        <option
          value="White Plains, NY"
        />
        <option
          value="Arcadia, CA"
        />
        <option
          value="Redmond, WA"
        />
        <option
          value="Lake Elsinore, CA"
        />
        <option
          value="Ocala, FL"
        />
        <option
          value="Tinley Park, IL"
        />
        <option
          value="Port Orange, FL"
        />
        <option
          value="Medford, MA"
        />
        <option
          value="Oak Lawn, IL"
        />
        <option
          value="Rocky Mount, NC"
        />
        <option
          value="Kokomo, IN"
        />
        <option
          value="Coconut Creek, FL"
        />
        <option
          value="Bowie, MD"
        />
        <option
          value="Berwyn, IL"
        />
        <option
          value="Midwest City, OK"
        />
        <option
          value="Fountain Valley, CA"
        />
        <option
          value="Buckeye, AZ"
        />
        <option
          value="Dearborn Heights, MI"
        />
        <option
          value="Woodland, CA"
        />
        <option
          value="Noblesville, IN"
        />
        <option
          value="Valdosta, GA"
        />
        <option
          value="Diamond Bar, CA"
        />
        <option
          value="Manhattan, KS"
        />
        <option
          value="Santee, CA"
        />
        <option
          value="Taunton, MA"
        />
        <option
          value="Sanford, FL"
        />
        <option
          value="Kettering, OH"
        />
        <option
          value="New Brunswick, NJ"
        />
        <option
          value="Decatur, AL"
        />
        <option
          value="Chicopee, MA"
        />
        <option
          value="Anderson, IN"
        />
        <option
          value="Margate, FL"
        />
        <option
          value="Weymouth Town, MA"
        />
        <option
          value="Hempstead, NY"
        />
        <option
          value="Corvallis, OR"
        />
        <option
          value="Eastvale, CA"
        />
        <option
          value="Porterville, CA"
        />
        <option
          value="West Haven, CT"
        />
        <option
          value="Brentwood, CA"
        />
        <option
          value="Paramount, CA"
        />
        <option
          value="Grand Forks, ND"
        />
        <option
          value="Georgetown, TX"
        />
        <option
          value="St. Peters, MO"
        />
        <option
          value="Shoreline, WA"
        />
        <option
          value="Mount Prospect, IL"
        />
        <option
          value="Hanford, CA"
        />
        <option
          value="Normal, IL"
        />
        <option
          value="Rosemead, CA"
        />
        <option
          value="Lehi, UT"
        />
        <option
          value="Pocatello, ID"
        />
        <option
          value="Highland, CA"
        />
        <option
          value="Novato, CA"
        />
        <option
          value="Port Arthur, TX"
        />
        <option
          value="Carson City, NV"
        />
        <option
          value="San Marcos, TX"
        />
        <option
          value="Hendersonville, TN"
        />
        <option
          value="Elyria, OH"
        />
        <option
          value="Revere, MA"
        />
        <option
          value="Pflugerville, TX"
        />
        <option
          value="Greenwood, IN"
        />
        <option
          value="Bellevue, NE"
        />
        <option
          value="Wheaton, IL"
        />
        <option
          value="Smyrna, GA"
        />
        <option
          value="Sarasota, FL"
        />
        <option
          value="Blue Springs, MO"
        />
        <option
          value="Colton, CA"
        />
        <option
          value="Euless, TX"
        />
        <option
          value="Castle Rock, CO"
        />
        <option
          value="Cathedral City, CA"
        />
        <option
          value="Kingsport, TN"
        />
        <option
          value="Lake Havasu City, AZ"
        />
        <option
          value="Pensacola, FL"
        />
        <option
          value="Hoboken, NJ"
        />
        <option
          value="Yucaipa, CA"
        />
        <option
          value="Watsonville, CA"
        />
        <option
          value="Richland, WA"
        />
        <option
          value="Delano, CA"
        />
        <option
          value="Hoffman Estates, IL"
        />
        <option
          value="Florissant, MO"
        />
        <option
          value="Placentia, CA"
        />
        <option
          value="West New York, NJ"
        />
        <option
          value="Dublin, CA"
        />
        <option
          value="Oak Park, IL"
        />
        <option
          value="Peabody, MA"
        />
        <option
          value="Perth Amboy, NJ"
        />
        <option
          value="Battle Creek, MI"
        />
        <option
          value="Bradenton, FL"
        />
        <option
          value="Gilroy, CA"
        />
        <option
          value="Milford, CT"
        />
        <option
          value="Albany, OR"
        />
        <option
          value="Ankeny, IA"
        />
        <option
          value="La Crosse, WI"
        />
        <option
          value="Burlington, NC"
        />
        <option
          value="DeSoto, TX"
        />
        <option
          value="Harrisonburg, VA"
        />
        <option
          value="Minnetonka, MN"
        />
        <option
          value="Elkhart, IN"
        />
        <option
          value="Lakewood, OH"
        />
        <option
          value="Glendora, CA"
        />
        <option
          value="Southaven, MS"
        />
        <option
          value="Charleston, WV"
        />
        <option
          value="Joplin, MO"
        />
        <option
          value="Enid, OK"
        />
        <option
          value="Palm Beach Gardens, FL"
        />
        <option
          value="Brookhaven, GA"
        />
        <option
          value="Plainfield, NJ"
        />
        <option
          value="Grand Island, NE"
        />
        <option
          value="Palm Desert, CA"
        />
        <option
          value="Huntersville, NC"
        />
        <option
          value="Tigard, OR"
        />
        <option
          value="Lenexa, KS"
        />
        <option
          value="Saginaw, MI"
        />
        <option
          value="Kentwood, MI"
        />
        <option
          value="Doral, FL"
        />
        <option
          value="Apple Valley, MN"
        />
        <option
          value="Grapevine, TX"
        />
        <option
          value="Aliso Viejo, CA"
        />
        <option
          value="Sammamish, WA"
        />
        <option
          value="Casa Grande, AZ"
        />
        <option
          value="Pinellas Park, FL"
        />
        <option
          value="Troy, NY"
        />
        <option
          value="West Sacramento, CA"
        />
        <option
          value="Burien, WA"
        />
        <option
          value="Commerce City, CO"
        />
        <option
          value="Monroe, LA"
        />
        <option
          value="Cerritos, CA"
        />
        <option
          value="Downers Grove, IL"
        />
        <option
          value="Coral Gables, FL"
        />
        <option
          value="Wilson, NC"
        />
        <option
          value="Niagara Falls, NY"
        />
        <option
          value="Poway, CA"
        />
        <option
          value="Edina, MN"
        />
        <option
          value="Cuyahoga Falls, OH"
        />
        <option
          value="Rancho Santa Margarita, CA"
        />
        <option
          value="Harrisburg, PA"
        />
        <option
          value="Huntington, WV"
        />
        <option
          value="La Mirada, CA"
        />
        <option
          value="Cypress, CA"
        />
        <option
          value="Caldwell, ID"
        />
        <option
          value="Logan, UT"
        />
        <option
          value="Galveston, TX"
        />
        <option
          value="Sheboygan, WI"
        />
        <option
          value="Middletown, OH"
        />
        <option
          value="Murray, UT"
        />
        <option
          value="Roswell, NM"
        />
        <option
          value="Parker, CO"
        />
        <option
          value="Bedford, TX"
        />
        <option
          value="East Lansing, MI"
        />
        <option
          value="Methuen, MA"
        />
        <option
          value="Covina, CA"
        />
        <option
          value="Alexandria, LA"
        />
        <option
          value="Olympia, WA"
        />
        <option
          value="Euclid, OH"
        />
        <option
          value="Mishawaka, IN"
        />
        <option
          value="Salina, KS"
        />
        <option
          value="Azusa, CA"
        />
        <option
          value="Newark, OH"
        />
        <option
          value="Chesterfield, MO"
        />
        <option
          value="Leesburg, VA"
        />
        <option
          value="Dunwoody, GA"
        />
        <option
          value="Hattiesburg, MS"
        />
        <option
          value="Roseville, MI"
        />
        <option
          value="Bonita Springs, FL"
        />
        <option
          value="Portage, MI"
        />
        <option
          value="St. Louis Park, MN"
        />
        <option
          value="Collierville, TN"
        />
        <option
          value="Middletown, CT"
        />
        <option
          value="Stillwater, OK"
        />
        <option
          value="East Providence, RI"
        />
        <option
          value="Lawrence, IN"
        />
        <option
          value="Wauwatosa, WI"
        />
        <option
          value="Mentor, OH"
        />
        <option
          value="Ceres, CA"
        />
        <option
          value="Cedar Hill, TX"
        />
        <option
          value="Mansfield, OH"
        />
        <option
          value="Binghamton, NY"
        />
        <option
          value="Coeur d'Alene, ID"
        />
        <option
          value="San Luis Obispo, CA"
        />
        <option
          value="Minot, ND"
        />
        <option
          value="Palm Springs, CA"
        />
        <option
          value="Pine Bluff, AR"
        />
        <option
          value="Texas City, TX"
        />
        <option
          value="Summerville, SC"
        />
        <option
          value="Twin Falls, ID"
        />
        <option
          value="Jeffersonville, IN"
        />
        <option
          value="San Jacinto, CA"
        />
        <option
          value="Madison, AL"
        />
        <option
          value="Altoona, PA"
        />
        <option
          value="Columbus, IN"
        />
        <option
          value="Beavercreek, OH"
        />
        <option
          value="Apopka, FL"
        />
        <option
          value="Elmhurst, IL"
        />
        <option
          value="Maricopa, AZ"
        />
        <option
          value="Farmington, NM"
        />
        <option
          value="Glenview, IL"
        />
        <option
          value="Cleveland Heights, OH"
        />
        <option
          value="Draper, UT"
        />
        <option
          value="Lincoln, CA"
        />
        <option
          value="Sierra Vista, AZ"
        />
        <option
          value="Lacey, WA"
        />
        <option
          value="Biloxi, MS"
        />
        <option
          value="Strongsville, OH"
        />
        <option
          value="Barnstable Town, MA"
        />
        <option
          value="Wylie, TX"
        />
        <option
          value="Sayreville, NJ"
        />
        <option
          value="Kannapolis, NC"
        />
        <option
          value="Charlottesville, VA"
        />
        <option
          value="Littleton, CO"
        />
        <option
          value="Titusville, FL"
        />
        <option
          value="Hackensack, NJ"
        />
        <option
          value="Newark, CA"
        />
        <option
          value="Pittsfield, MA"
        />
        <option
          value="York, PA"
        />
        <option
          value="Lombard, IL"
        />
        <option
          value="Attleboro, MA"
        />
        <option
          value="DeKalb, IL"
        />
        <option
          value="Blacksburg, VA"
        />
        <option
          value="Dublin, OH"
        />
        <option
          value="Haltom City, TX"
        />
        <option
          value="Lompoc, CA"
        />
        <option
          value="El Centro, CA"
        />
        <option
          value="Danville, CA"
        />
        <option
          value="Jefferson City, MO"
        />
        <option
          value="Cutler Bay, FL"
        />
        <option
          value="Oakland Park, FL"
        />
        <option
          value="North Miami Beach, FL"
        />
        <option
          value="Freeport, NY"
        />
        <option
          value="Moline, IL"
        />
        <option
          value="Coachella, CA"
        />
        <option
          value="Fort Pierce, FL"
        />
        <option
          value="Smyrna, TN"
        />
        <option
          value="Bountiful, UT"
        />
        <option
          value="Fond du Lac, WI"
        />
        <option
          value="Everett, MA"
        />
        <option
          value="Danville, VA"
        />
        <option
          value="Keller, TX"
        />
        <option
          value="Belleville, IL"
        />
        <option
          value="Bell Gardens, CA"
        />
        <option
          value="Cleveland, TN"
        />
        <option
          value="North Lauderdale, FL"
        />
        <option
          value="Fairfield, OH"
        />
        <option
          value="Salem, MA"
        />
        <option
          value="Rancho Palos Verdes, CA"
        />
        <option
          value="San Bruno, CA"
        />
        <option
          value="Concord, NH"
        />
        <option
          value="Burlington, VT"
        />
        <option
          value="Apex, NC"
        />
        <option
          value="Midland, MI"
        />
        <option
          value="Altamonte Springs, FL"
        />
        <option
          value="Hutchinson, KS"
        />
        <option
          value="Buffalo Grove, IL"
        />
        <option
          value="Urbandale, IA"
        />
        <option
          value="State College, PA"
        />
        <option
          value="Urbana, IL"
        />
        <option
          value="Plainfield, IL"
        />
        <option
          value="Manassas, VA"
        />
        <option
          value="Bartlett, IL"
        />
        <option
          value="Kearny, NJ"
        />
        <option
          value="Oro Valley, AZ"
        />
        <option
          value="Findlay, OH"
        />
        <option
          value="Rohnert Park, CA"
        />
        <option
          value="Westfield, MA"
        />
        <option
          value="Linden, NJ"
        />
        <option
          value="Sumter, SC"
        />
        <option
          value="Wilkes-Barre, PA"
        />
        <option
          value="Woonsocket, RI"
        />
        <option
          value="Leominster, MA"
        />
        <option
          value="Shelton, CT"
        />
        <option
          value="Brea, CA"
        />
        <option
          value="Covington, KY"
        />
        <option
          value="Rockwall, TX"
        />
        <option
          value="Meridian, MS"
        />
        <option
          value="Riverton, UT"
        />
        <option
          value="St. Cloud, FL"
        />
        <option
          value="Quincy, IL"
        />
        <option
          value="Morgan Hill, CA"
        />
        <option
          value="Warren, OH"
        />
        <option
          value="Edmonds, WA"
        />
        <option
          value="Burleson, TX"
        />
        <option
          value="Beverly, MA"
        />
        <option
          value="Mankato, MN"
        />
        <option
          value="Hagerstown, MD"
        />
        <option
          value="Prescott, AZ"
        />
        <option
          value="Campbell, CA"
        />
        <option
          value="Cedar Falls, IA"
        />
        <option
          value="Beaumont, CA"
        />
        <option
          value="La Puente, CA"
        />
        <option
          value="Crystal Lake, IL"
        />
        <option
          value="Fitchburg, MA"
        />
        <option
          value="Carol Stream, IL"
        />
        <option
          value="Hickory, NC"
        />
        <option
          value="Streamwood, IL"
        />
        <option
          value="Norwich, CT"
        />
        <option
          value="Coppell, TX"
        />
        <option
          value="San Gabriel, CA"
        />
        <option
          value="Holyoke, MA"
        />
        <option
          value="Bentonville, AR"
        />
        <option
          value="Florence, AL"
        />
        <option
          value="Peachtree Corners, GA"
        />
        <option
          value="Brentwood, TN"
        />
        <option
          value="Bozeman, MT"
        />
        <option
          value="New Berlin, WI"
        />
        <option
          value="Goose Creek, SC"
        />
        <option
          value="Huntsville, TX"
        />
        <option
          value="Prescott Valley, AZ"
        />
        <option
          value="Maplewood, MN"
        />
        <option
          value="Romeoville, IL"
        />
        <option
          value="Duncanville, TX"
        />
        <option
          value="Atlantic City, NJ"
        />
        <option
          value="Clovis, NM"
        />
        <option
          value="The Colony, TX"
        />
        <option
          value="Culver City, CA"
        />
        <option
          value="Marlborough, MA"
        />
        <option
          value="Hilton Head Island, SC"
        />
        <option
          value="Moorhead, MN"
        />
        <option
          value="Calexico, CA"
        />
        <option
          value="Bullhead City, AZ"
        />
        <option
          value="Germantown, TN"
        />
        <option
          value="La Quinta, CA"
        />
        <option
          value="Lancaster, OH"
        />
        <option
          value="Wausau, WI"
        />
        <option
          value="Sherman, TX"
        />
        <option
          value="Ocoee, FL"
        />
        <option
          value="Shakopee, MN"
        />
        <option
          value="Woburn, MA"
        />
        <option
          value="Bremerton, WA"
        />
        <option
          value="Rock Island, IL"
        />
        <option
          value="Muskogee, OK"
        />
        <option
          value="Cape Girardeau, MO"
        />
        <option
          value="Annapolis, MD"
        />
        <option
          value="Greenacres, FL"
        />
        <option
          value="Ormond Beach, FL"
        />
        <option
          value="Hallandale Beach, FL"
        />
        <option
          value="Stanton, CA"
        />
        <option
          value="Puyallup, WA"
        />
        <option
          value="Pacifica, CA"
        />
        <option
          value="Hanover Park, IL"
        />
        <option
          value="Hurst, TX"
        />
        <option
          value="Lima, OH"
        />
        <option
          value="Marana, AZ"
        />
        <option
          value="Carpentersville, IL"
        />
        <option
          value="Oakley, CA"
        />
        <option
          value="Huber Heights, OH"
        />
        <option
          value="Lancaster, TX"
        />
        <option
          value="Montclair, CA"
        />
        <option
          value="Wheeling, IL"
        />
        <option
          value="Brookfield, WI"
        />
        <option
          value="Park Ridge, IL"
        />
        <option
          value="Florence, SC"
        />
        <option
          value="Roy, UT"
        />
        <option
          value="Winter Garden, FL"
        />
        <option
          value="Chelsea, MA"
        />
        <option
          value="Valley Stream, NY"
        />
        <option
          value="Spartanburg, SC"
        />
        <option
          value="Lake Oswego, OR"
        />
        <option
          value="Friendswood, TX"
        />
        <option
          value="Westerville, OH"
        />
        <option
          value="Northglenn, CO"
        />
        <option
          value="Phenix City, AL"
        />
        <option
          value="Grove City, OH"
        />
        <option
          value="Texarkana, TX"
        />
        <option
          value="Addison, IL"
        />
        <option
          value="Dover, DE"
        />
        <option
          value="Lincoln Park, MI"
        />
        <option
          value="Calumet City, IL"
        />
        <option
          value="Muskegon, MI"
        />
        <option
          value="Aventura, FL"
        />
        <option
          value="Martinez, CA"
        />
        <option
          value="Greenfield, WI"
        />
        <option
          value="Apache Junction, AZ"
        />
        <option
          value="Monrovia, CA"
        />
        <option
          value="Weslaco, TX"
        />
        <option
          value="Keizer, OR"
        />
        <option
          value="Spanish Fork, UT"
        />
        <option
          value="Beloit, WI"
        />
        <option
          value="Panama City, FL"
        />
      </datalist>
      <button
        aria-label="Search for weather"
        className="search-form__button"
        disabled={true}
        tabIndex="0"
        type="submit"
      >
        Search
      </button>
    </form>
  </header>
  <div
    className="welcome"
  >
    <h2
      aria-label="Welcome to Weathrly a weather App"
      className="welcome__title"
      tabIndex="0"
    >
      Welcome To 
      <span
        className="header__title"
      >
        Weathrly
      </span>
    </h2>
    <video
      aria-label="Time lapse of clouds"
      autoPlay={true}
      className="welcome__video"
      loop={true}
      muted={true}
      poster="storm-poster.png"
    >
      <source
        src="storm.mp4"
        type="video/mp4"
      />
    </video>
  </div>
</div>
`;
